// Jest Snapshot v1, https://goo.gl/fbAQLP

exports[`renders quests correctly 1`] = `
<div>
  <form
    onSubmit={[Function]}
  >
    <label>
      Add Name
      <input
        name="name"
        onChange={[Function]}
      />
    </label>
    <label>
      Add Reward
      <input
        name="reward"
        onChange={[Function]}
      />
    </label>
    <button>
      Add
    </button>
  </form>
  <ul />
</div>
`;
